cargo : warning: unused import: `uuid::Uuid`
At line:1 char:1
+ cargo test --lib -- --nocapture > test_output.txt 2>&1 ; cat 
test_out ...
+ ~~~~~~~~~~~~~~~~~~~~~~~~~~~~~~~~~~~~~~~~~~~~~~~~~~~~~~
    + CategoryInfo          : NotSpecified: (warning: unused im 
   port: `uuid::Uuid`:String) [], RemoteException
    + FullyQualifiedErrorId : NativeCommandError
 
 --> server\src\models\alarm.rs:3:5
  |
3 | use uuid::Uuid;
  |     ^^^^^^^^^^
  |
  = note: `#[warn(unused_imports)]` (part of `#[warn(unused)]`) 
on by default

warning: unused variable: `avail_filtered_with_alarms`
   --> server\src\lib.rs:134:9
    |
134 |     let avail_filtered_with_alarms: HashMap<Uuid, HashM...
    |         ^^^^^^^^^^^^^^^^^^^^^^^^^^ help: if this is 
intentional, prefix it with an underscore: 
`_avail_filtered_with_alarms`
    |
    = note: `#[warn(unused_variables)]` (part of 
`#[warn(unused)]`) on by default

warning: `viva-padel-server` (lib test) generated 2 warnings 
(run `cargo fix --lib -p viva-padel-server --tests` to apply 1 
suggestion)
    Finished `test` profile [unoptimized + debuginfo] target(s) 
in 0.38s
     Running unittests src\lib.rs (C:\Users\vuong\boum\Padel Pro
ject\viva-padel\target\debug\deps\viva_padel_server-bcd2340d6b11
029b.exe)

running 6 tests

thread 'tests::test_combined_filters' (5084) panicked at 
server\src\lib.rs:327:87:
called `Result::unwrap()` on an `Err` value: Error("missing 
field `userClientStepBookingDuration`", line: 0, column: 0)
note: run with `RUST_BACKTRACE=1` environment variable to 
display a backtrace

thread 'tests::test_filter_by_court_type' (10236) panicked at 
server\src\lib.rs:327:87:
called `Result::unwrap()` on an `Err` value: Error("missing 
field `userClientStepBookingDuration`", line: 0, column: 0)

thread 'tests::test_filter_by_weekday' (29004) panicked at 
server\src\lib.rs:327:87:
called `Result::unwrap()` on an `Err` value: Error("missing 
field `userClientStepBookingDuration`", line: 0, column: 0)

thread 'tests::test_filter_by_time_range' (32376) panicked at 
server\src\lib.rs:327:87:
called `Result::unwrap()` on an `Err` value: Error("missing 
field `userClientStepBookingDuration`", line: 0, column: 0)

thread 'tests::test_no_matches' (10508) panicked at 
server\src\lib.rs:327:87:
called `Result::unwrap()` on an `Err` value: Error("missing 
field `userClientStepBookingDuration`", line: 0, column: 0)

thread 'tests::test_filter_by_weeks_ahead' (8076) panicked at 
server\src\lib.rs:327:87:
called `Result::unwrap()` on an `Err` value: Error("missing 
field `userClientStepBookingDuration`", line: 0, column: 0)
test tests::test_filter_by_court_type ... FAILED
test tests::test_combined_filters ... FAILED
test tests::test_filter_by_weekday ... FAILED
test tests::test_filter_by_time_range ... FAILED
test tests::test_no_matches ... FAILED
test tests::test_filter_by_weeks_ahead ... FAILED

failures:

failures:
    tests::test_combined_filters
    tests::test_filter_by_court_type
    tests::test_filter_by_time_range
    tests::test_filter_by_weekday
    tests::test_filter_by_weeks_ahead
    tests::test_no_matches

test result: FAILED. 0 passed; 6 failed; 0 ignored; 0 measured; 0 filtered out; finished in 0.00s

error: test failed, to rerun pass `--lib`
